---
source: rusqlite_migration/src/tests/synch.rs
expression: e
---
Err(
    RusqliteError {
        query: "PRAGMA user_version = 1; -- Approximate query",
        err: SqliteFailure(
            Error {
                code: ReadOnly,
                extended_code: 8,
            },
            Some(
                "attempt to write a readonly database",
            ),
        ),
    },
)
